[field] done in 17.1 s
[conv] done in 7.6 s
[order] done in 5.2 s
[eps] done in 21.5 s
[xcheck] done in 5.7 s
[scans] done in 20.8 s
[window] done in 0.0 s
written fb_A.json
[cep] done in 32.0 s
[cepscan] done in 107.0 s
written fb_B.json
merged -> focused_beam.json
[a0big] done in 63.9 s
written fb_C.json
meta: {'python': '3.13.2', 'numpy': '2.4.4', 'scipy': '1.17.1', 'sympy': '1.14.0', 'os': 'Windows-10-10.0.19045-SP0', 'anomaly': 0.00115965218059, 'seed': 20260730}

### stage `field` -- Maxwell residuals (normalised by a0; k=1)
 pulse_order1   slopes: divE=1.39 ampere=2.13 Ez=1.07
    eps=0.300  Ez/E=0.2595  |divE|=0.0159  |curlB-dtE|=0.058  |divB|=0  |curlE+dtB|=0
    eps=0.200  Ez/E=0.1519  |divE|=0.00235  |curlB-dtE|=0.0151  |divB|=0  |curlE+dtB|=0
    eps=0.150  Ez/E=0.1094  |divE|=0.00141  |curlB-dtE|=0.00818  |divB|=0  |curlE+dtB|=0
    eps=0.100  Ez/E=0.07096  |divE|=0.000983  |curlB-dtE|=0.00346  |divB|=0  |curlE+dtB|=0
    eps=0.070  Ez/E=0.04914  |divE|=0.000714  |curlB-dtE|=0.00165  |divB|=0  |curlE+dtB|=0
    eps=0.050  Ez/E=0.03493  |divE|=0.00052  |curlB-dtE|=0.000833  |divB|=0  |curlE+dtB|=0
    eps=0.035  Ez/E=0.02439  |divE|=0.000368  |curlB-dtE|=0.000405  |divB|=0  |curlE+dtB|=0
    eps=0.025  Ez/E=0.0174  |divE|=0.000264  |curlB-dtE|=0.000268  |divB|=0  |curlE+dtB|=0
 pulse_order3   slopes: divE=1.37 ampere=1.92 Ez=1.09
    eps=0.300  Ez/E=0.2758  |divE|=0.0151  |curlB-dtE|=0.0296  |divB|=0  |curlE+dtB|=0
    eps=0.200  Ez/E=0.1553  |divE|=0.00226  |curlB-dtE|=0.012  |divB|=0  |curlE+dtB|=0
    eps=0.150  Ez/E=0.1106  |divE|=0.00143  |curlB-dtE|=0.00716  |divB|=0  |curlE+dtB|=0
    eps=0.100  Ez/E=0.0713  |divE|=0.000976  |curlB-dtE|=0.00326  |divB|=0  |curlE+dtB|=0
    eps=0.070  Ez/E=0.04926  |divE|=0.000712  |curlB-dtE|=0.0016  |divB|=0  |curlE+dtB|=0
    eps=0.050  Ez/E=0.03497  |divE|=0.000519  |curlB-dtE|=0.00082  |divB|=0  |curlE+dtB|=0
    eps=0.035  Ez/E=0.0244  |divE|=0.000368  |curlB-dtE|=0.000402  |divB|=0  |curlE+dtB|=0
    eps=0.025  Ez/E=0.0174  |divE|=0.000264  |curlB-dtE|=0.000268  |divB|=0  |curlE+dtB|=0
 long_order1    slopes: divE=5.54 ampere=3.46 Ez=1.08
    eps=0.300  Ez/E=0.2662  |divE|=0.0107  |curlB-dtE|=0.0387  |divB|=0  |curlE+dtB|=0
    eps=0.200  Ez/E=0.1537  |divE|=0.00063  |curlB-dtE|=0.00835  |divB|=0  |curlE+dtB|=0
    eps=0.150  Ez/E=0.1101  |divE|=8.5e-05  |curlB-dtE|=0.00279  |divB|=0  |curlE+dtB|=0
    eps=0.100  Ez/E=0.07118  |divE|=5.29e-06  |curlB-dtE|=0.000563  |divB|=0  |curlE+dtB|=0
    eps=0.070  Ez/E=0.04922  |divE|=5.4e-07  |curlB-dtE|=0.000136  |divB|=0  |curlE+dtB|=0
    eps=0.050  Ez/E=0.03496  |divE|=8.82e-08  |curlB-dtE|=4.75e-05  |divB|=0  |curlE+dtB|=0
    eps=0.035  Ez/E=0.0244  |divE|=3.33e-08  |curlB-dtE|=1.89e-05  |divB|=0  |curlE+dtB|=0
    eps=0.025  Ez/E=0.0174  |divE|=1.99e-08  |curlB-dtE|=8.59e-06  |divB|=0  |curlE+dtB|=0
 long_order3    slopes: divE=5.53 ampere=2.74 Ez=1.10
    eps=0.300  Ez/E=0.2827  |divE|=0.0105  |curlB-dtE|=0.0169  |divB|=0  |curlE+dtB|=0
    eps=0.200  Ez/E=0.1572  |divE|=0.000623  |curlB-dtE|=0.000735  |divB|=0  |curlE+dtB|=0
    eps=0.150  Ez/E=0.1114  |divE|=8.44e-05  |curlB-dtE|=0.000298  |divB|=0  |curlE+dtB|=0
    eps=0.100  Ez/E=0.07153  |divE|=5.27e-06  |curlB-dtE|=0.000121  |divB|=0  |curlE+dtB|=0
    eps=0.070  Ez/E=0.04934  |divE|=5.38e-07  |curlB-dtE|=5.9e-05  |divB|=0  |curlE+dtB|=0
    eps=0.050  Ez/E=0.035  |divE|=8.8e-08  |curlB-dtE|=3.01e-05  |divB|=0  |curlE+dtB|=0
    eps=0.035  Ez/E=0.02441  |divE|=3.33e-08  |curlB-dtE|=1.47e-05  |divB|=0  |curlE+dtB|=0
    eps=0.025  Ez/E=0.01741  |divE|=1.99e-08  |curlB-dtE|=7.52e-06  |divB|=0  |curlE+dtB|=0
  plane-wave limit (eps->0) max|E-E_pw| : [(0.01, 1.1102230246251565e-16), (0.001, 1.1102230246251565e-16), (0.0001, 1.1102230246251565e-16)]

### stage `conv` -- tolerance convergence and invariants
 case eps=0.15 a0=1 gamma=10 delta=1
   rtol=1e-08 nfev=  998  |dr1|=6.92e-10 rel=8.61e-07  |dr0|=3.11e-11  S.u=4e-10 S.S=8e-10 orth=8e-10
   rtol=1e-10 nfev= 1598  |dr1|=6.77e-12 rel=8.41e-09  |dr0|=4.55e-14  S.u=2e-12 S.S=4e-12 orth=7e-12
   rtol=1e-11 nfev= 2018  |dr1|=3.94e-13 rel=4.89e-10  |dr0|=1.09e-14  S.u=2e-13 S.S=3e-13 orth=9e-12
   rtol=1e-12 nfev= 2606  |dr1|=4.5e-14 rel=5.59e-11  |dr0|=4.21e-15  S.u=2e-13 S.S=4e-13 orth=4e-12
   rtol=1e-13 nfev= 3374  |dr1|=0 rel=0  |dr0|=0  S.u=1e-13 S.S=2e-13 orth=2e-12
 case eps=0.05 a0=2 gamma=1 delta=1
   rtol=1e-08 nfev= 1094  |dr1|=4.22e-09 rel=5.78e-08  |dr0|=2.08e-09  S.u=3e-09 S.S=3e-09 orth=3e-09
   rtol=1e-10 nfev= 1634  |dr1|=7.04e-11 rel=9.64e-10  |dr0|=3.56e-11  S.u=4e-11 S.S=4e-11 orth=4e-11
   rtol=1e-11 nfev= 2102  |dr1|=5.31e-12 rel=7.27e-11  |dr0|=3.65e-12  S.u=4e-12 S.S=3e-12 orth=3e-12
   rtol=1e-12 nfev= 2738  |dr1|=5.09e-13 rel=6.96e-12  |dr0|=3.38e-13  S.u=4e-13 S.S=3e-13 orth=3e-13
   rtol=1e-13 nfev= 3590  |dr1|=0 rel=0  |dr0|=0  S.u=4e-14 S.S=3e-14 orth=3e-14
  invariants along trajectory: {'max_uu': 2.842170943040401e-14, 'max_Su': 2.787992059438693e-12, 'max_SS': 2.3021584638627246e-12, 'case': {'eps': 0.15, 'a0': 2.0, 'gamma': 10.0, 'delta': 1.0, 'rtol': 1e-12}}

### stage `eps` -- anomaly-resolved rotation vs diffraction parameter
 [g10_a1_cir] gamma=10 a0=1 delta=1 N=1 phi0=0
   eps    w0/lam   |r0|        |r1|        r2_z        -A/2        dev_rel   du_perp
   0.300  0.531    0.032405    0.032204    -1.799597   -1.672061   0.07821   0.03225
   0.200  0.796    0.0025459   0.0025316   -1.73559    -1.672061   0.03802   0.002412
   0.150  1.061    0.00080387  0.00080459  -1.709497   -1.672061   0.02239   0.0006785
   0.100  1.592    0.00026742  0.00026813  -1.689279   -1.672061   0.0103    0.0001926
   0.070  2.274    0.00012006  0.00011977  -1.680618   -1.672061   0.005118  7.973e-05
   0.050  3.183    5.9098e-05  5.8338e-05  -1.676456   -1.672061   0.002629  3.767e-05
   0.035  4.547    2.8448e-05  2.7477e-05  -1.674222   -1.672061   0.001292  1.774e-05
   0.025  6.366    1.4398e-05  1.3375e-05  -1.673165   -1.672061   0.0006603 8.882e-06
     slope[r0]=2.87  local=[6.27, 4.01, 2.71, 2.25, 2.11, 2.05, 2.02]
     slope[r1]=2.89  local=[6.27, 3.98, 2.71, 2.26, 2.14, 2.11, 2.14]
     slope[r2dev]=1.93  local=[1.78, 1.84, 1.92, 1.96, 1.98, 1.99, 2.0]
     slope[du_perp]=3.08  local=[6.39, 4.41, 3.11, 2.47, 2.23, 2.11, 2.06]
 [g10_a1_lin] gamma=10 a0=1 delta=0 N=1 phi0=0
   eps    w0/lam   |r0|        |r1|        r2_z        -A/2        dev_rel   du_perp
   0.300  0.531    0.00027297  0.00012199  0           -0          7.453e-11 0.0002729
   0.200  0.796    1.84e-05    2.7877e-06  0           -0          6.095e-11 1.84e-05
   0.150  1.061    4.4708e-06  3.4229e-07  0           -0          2.816e-11 4.471e-06
   0.100  1.592    1.0702e-06  3.527e-08   0           -0          2.958e-11 1.07e-06
   0.070  2.274    4.054e-07   6.5696e-09  0           -0          2.899e-11 4.054e-07
   0.050  3.183    1.8296e-07  1.514e-09   0           -0          2.894e-11 1.83e-07
   0.035  4.547    8.395e-08   3.3379e-10  0           -0          2.911e-11 8.395e-08
   0.025  6.366    4.1522e-08  7.7189e-11  0           -0          2.795e-11 4.152e-08
     slope[r0]=3.33  local=[6.65, 4.92, 3.53, 2.72, 2.36, 2.18, 2.09]
     slope[r1]=5.48  local=[9.32, 7.29, 5.6, 4.71, 4.36, 4.24, 4.35]
     slope[r2dev]=0.35  local=[0.5, 2.68, -0.12, 0.06, 0.01, -0.02, 0.12]
     slope[du_perp]=3.33  local=[6.65, 4.92, 3.53, 2.72, 2.36, 2.18, 2.09]
 [g1_a1_cir] gamma=1 a0=1 delta=1 N=1 phi0=0
   eps    w0/lam   |r0|        |r1|        r2_z        -A/2        dev_rel   du_perp
   0.300  0.531    0.52316     0.63304     -1.478893   -1.672061   0.1161    0.02273
   0.200  0.796    0.25243     0.27916     -1.525925   -1.672061   0.08817   0.01731
   0.150  1.061    0.14882     0.15943     -1.573622   -1.672061   0.05957   0.01296
   0.100  1.592    0.069168    0.072597    -1.621953   -1.672061   0.03041   0.007304
   0.070  2.274    0.034649    0.036101    -1.64603    -1.672061   0.01582   0.003971
   0.050  3.183    0.01788     0.01857     -1.658397   -1.672061   0.008308  0.002131
   0.035  4.547    0.0088163   0.0091425   -1.665262   -1.672061   0.004136  0.001073
   0.025  6.366    0.0045118   0.0046754   -1.668566   -1.672061   0.002126  0.0005543
     slope[r0]=1.92  local=[1.8, 1.84, 1.89, 1.94, 1.97, 1.98, 1.99]
     slope[r1]=1.97  local=[2.02, 1.95, 1.94, 1.96, 1.98, 1.99, 1.99]
     slope[r2dev]=1.67  local=[0.68, 1.36, 1.66, 1.83, 1.91, 1.96, 1.98]
     slope[du_perp]=1.54  local=[0.67, 1.01, 1.41, 1.71, 1.85, 1.92, 1.96]
 [g1000_a1_cir] gamma=1000 a0=1 delta=1 N=1 phi0=0
   eps    w0/lam   |r0|        |r1|        r2_z        -A/2        dev_rel   du_perp
   0.300  0.531    0.033477    0.033478    -1.801391   -1.672061   0.07942   0.03348
   0.200  0.796    0.0026026   0.0025999   -1.736116   -1.672061   0.03833   0.002603
   0.150  1.061    0.00075326  0.00075079  -1.709708   -1.672061   0.02252   0.0007533
   0.100  1.592    0.0002194   0.00021708  -1.68966    -1.672061   0.01053   0.0002194
   0.070  2.274    9.1814e-05  8.9632e-05  -1.680513   -1.672061   0.005055  9.182e-05
   0.050  3.183    4.3626e-05  4.148e-05   -1.676307   -1.672061   0.00254   4.363e-05
   0.035  4.547    2.0601e-05  1.8473e-05  -1.674245   -1.672061   0.001306  2.06e-05
   0.025  6.366    1.033e-05   8.2122e-06  -1.672982   -1.672061   0.0005507 1.033e-05
     slope[r0]=3.04  local=[6.3, 4.31, 3.04, 2.44, 2.21, 2.1, 2.05]
     slope[r1]=3.11  local=[6.3, 4.32, 3.06, 2.48, 2.29, 2.27, 2.41]
     slope[r2dev]=1.98  local=[1.8, 1.85, 1.88, 2.06, 2.05, 1.86, 2.57]
     slope[du_perp]=3.04  local=[6.3, 4.31, 3.04, 2.44, 2.21, 2.1, 2.05]

### stage `order` -- field-model systematics (order 3/c0=0 vs c0=1 vs order 1)
   eps=0.20 order=3 c0=0 |r0|=0.00254595 |r1|=0.0025316 du_perp=0.002412
   eps=0.20 order=3 c0=1 |r0|=0.00299591 |r1|=0.00297846 du_perp=0.002846
   eps=0.20 order=1 c0=0 |r0|=0.00301593 |r1|=0.00301668 du_perp=0.002859
   eps=0.10 order=3 c0=0 |r0|=0.000267419 |r1|=0.000268133 du_perp=0.0001926
   eps=0.10 order=3 c0=1 |r0|=0.000274464 |r1|=0.000275278 du_perp=0.0001968
   eps=0.10 order=1 c0=0 |r0|=0.000275896 |r1|=0.000279171 du_perp=0.0001973
   eps=0.05 order=3 c0=0 |r0|=5.9098e-05 |r1|=5.83381e-05 du_perp=3.767e-05
   eps=0.05 order=3 c0=1 |r0|=5.94712e-05 |r1|=5.87048e-05 du_perp=3.784e-05
   eps=0.05 order=1 c0=0 |r0|=5.95645e-05 |r1|=5.89798e-05 du_perp=3.787e-05

### stage `xcheck` -- physical anomaly a=0.00115965
   eps=0.025 delta=1 |dr|=2.26363e-06  |a r1 + a^2 r2|=2.26362e-06  |pw|=2.24858e-06  rel_err=0.001  dr/pw=1.0067  |r0|=1.44e-05
   eps=0.050 delta=1 |dr|=2.30944e-06  |a r1 + a^2 r2|=2.3094e-06  |pw|=2.24858e-06  rel_err=0.001  dr/pw=1.0271  |r0|=5.91e-05
   eps=0.150 delta=1 |dr|=2.93045e-06  |a r1 + a^2 r2|=2.9297e-06  |pw|=2.24858e-06  rel_err=0.00097  dr/pw=1.3032  |r0|=0.0008039
   eps=0.150 delta=0 |dr|=3.96949e-10  |a r1 + a^2 r2|=3.96945e-10  |pw|=0  rel_err=1.1e-05  dr/pw=3.9695e+290  |r0|=4.471e-06

### stage `cep` -- 16-point CEP scan
 [cir_e015] gamma=10 a0=1 delta=1 eps=0.15 N=1
   r0: mean=['-3.5079e-16', '7.2645e-17', '-0.00042715']  A1=['0.000681', '0.000681', '1.975e-16']  A2=['5.5e-16', '1.4e-15', '2.6e-16']
      |.|mean=0.000803867  |.|cep_half=3.45e-15  rel_cep=4.292e-12
   r1: mean=['6.1992e-15', '7.9537e-15', '-0.00045531']  A1=['0.0006634', '0.0006634', '3.785e-16']  A2=['5.7e-15', '1.3e-14', '3.8e-15']
      |.|mean=0.000804593  |.|cep_half=2.61e-13  rel_cep=3.243e-10
   r2: mean=['3.2123e-13', '7.6029e-14', '-1.7095']  A1=['0.0005811', '0.0005811', '7.709e-13']  A2=['6.6e-14', '2.3e-13', '1e-12']
      |.|mean=1.7095  |.|cep_half=3.875e-12  rel_cep=2.267e-12
 [lin_e015] gamma=10 a0=1 delta=0 eps=0.15 N=1
   r0: mean=['0', '3.3895e-16', '0']  A1=['0', '0.0009839', '0']  A2=['0', '1.9e-15', '0']
      |.|mean=0.000618876  |.|cep_half=0.0004897  rel_cep=0.7913
   r1: mean=['0', '1.2936e-14', '0']  A1=['0', '0.001062', '0']  A2=['0', '3.9e-15', '0']
      |.|mean=0.000667676  |.|cep_half=0.000531  rel_cep=0.7953
   r2: mean=['0', '2.2523e-13', '0']  A1=['0', '4.661e-11', '0']  A2=['0', '5.3e-13', '0']
      |.|mean=3.09092e-11  |.|cep_half=2.91e-11  rel_cep=0.9416
 [cir_e015_N05] gamma=10 a0=1 delta=1 eps=0.15 N=0.5
   r0: mean=['1.4027e-14', '2.0352e-14', '-0.00027857']  A1=['0.04444', '0.04444', '3.081e-16']  A2=['1.7e-14', '3.5e-14', '2.4e-16']
      |.|mean=0.0444407  |.|cep_half=1.159e-13  rel_cep=2.609e-12
   r1: mean=['-2.1216e-15', '1.2739e-15', '-0.00031576']  A1=['0.04441', '0.04441', '1.037e-15']  A2=['7.1e-15', '8e-15', '1.6e-15']
      |.|mean=0.044408  |.|cep_half=4.679e-13  rel_cep=1.054e-11
   r2: mean=['1.0926e-13', '-9.6727e-14', '-0.86133']  A1=['0.01905', '0.01905', '9.744e-13']  A2=['2.8e-13', '1.2e-13', '7.4e-13']
      |.|mean=0.861544  |.|cep_half=1.885e-12  rel_cep=2.188e-12

### stage `cepscan` -- CEP-odd amplitude A1 (4-point scans)
 [lin_eps]
   eps=0.3      eps=0.3 a0=1 gamma=10 N=1 b/w0=0 | A1(r0)=0.045957 A1(r1)=0.046887 A1(r2)=1.19e-10 |r0|mean=0.02311 rel_cep=0.9882
   eps=0.2      eps=0.2 a0=1 gamma=10 N=1 b/w0=0 | A1(r0)=0.0034687 A1(r1)=0.0036558 A1(r2)=8.74e-11 |r0|mean=0.001744 rel_cep=0.9894
   eps=0.15     eps=0.15 a0=1 gamma=10 N=1 b/w0=0 | A1(r0)=0.00098394 A1(r1)=0.0010624 A1(r2)=2.86e-11 |r0|mean=0.0004942 rel_cep=0.991
   eps=0.1      eps=0.1 a0=1 gamma=10 N=1 b/w0=0 | A1(r0)=0.0002817 A1(r1)=0.00031061 A1(r2)=2.98e-11 |r0|mean=0.0001414 rel_cep=0.9924
   eps=0.07     eps=0.07 a0=1 gamma=10 N=1 b/w0=0 | A1(r0)=0.00011704 A1(r1)=0.00013026 A1(r2)=2.98e-11 |r0|mean=5.872e-05 rel_cep=0.9931
   eps=0.05     eps=0.05 a0=1 gamma=10 N=1 b/w0=0 | A1(r0)=5.5416e-05 A1(r1)=6.1952e-05 A1(r2)=2.9e-11 |r0|mean=2.78e-05 rel_cep=0.9934
   eps=0.035    eps=0.035 a0=1 gamma=10 N=1 b/w0=0 | A1(r0)=2.6116e-05 A1(r1)=2.9267e-05 A1(r2)=3.09e-11 |r0|mean=1.31e-05 rel_cep=0.9936
   eps=0.025    eps=0.025 a0=1 gamma=10 N=1 b/w0=0 | A1(r0)=1.3085e-05 A1(r1)=1.468e-05 A1(r2)=4.51e-11 |r0|mean=6.563e-06 rel_cep=0.9937
     slope r0=3.07 local=[6.37, 4.38, 3.08, 2.46, 2.22, 2.11, 2.05]
     slope r1=3.03 local=[6.29, 4.3, 3.03, 2.44, 2.21, 2.1, 2.05]
 [lin_a0]
   a0=0.25     eps=0.15 a0=0.25 gamma=10 N=1 b/w0=0 | A1(r0)=0.00026481 A1(r1)=0.00026604 A1(r2)=3.48e-13 |r0|mean=0.0001324 rel_cep=0.9995
   a0=0.5      eps=0.15 a0=0.5 gamma=10 N=1 b/w0=0 | A1(r0)=0.00052209 A1(r1)=0.0005319 A1(r2)=9.45e-12 |r0|mean=0.0002613 rel_cep=0.9978
   a0=1        eps=0.15 a0=1 gamma=10 N=1 b/w0=0 | A1(r0)=0.00098394 A1(r1)=0.0010624 A1(r2)=2.86e-11 |r0|mean=0.0004942 rel_cep=0.991
   a0=2        eps=0.15 a0=2 gamma=10 N=1 b/w0=0 | A1(r0)=0.0014873 A1(r1)=0.0021138 A1(r2)=1.4e-10 |r0|mean=0.0007607 rel_cep=0.9546
   a0=4        eps=0.15 a0=4 gamma=10 N=1 b/w0=0 | A1(r0)=0.00087388 A1(r1)=0.0041439 A1(r2)=2.71e-10 |r0|mean=0.0005386 rel_cep=0.5622
     slope r0=0.50 local=[0.98, 0.91, 0.6, -0.77]
     slope r1=0.99 local=[1.0, 1.0, 0.99, 0.97]
 [lin_N]
   N=0.5      eps=0.15 a0=1 gamma=10 N=0.5 b/w0=0 | A1(r0)=0.062901 A1(r1)=0.063113 A1(r2)=6.35e-11 |r0|mean=0.0315 rel_cep=0.9967
   N=1        eps=0.15 a0=1 gamma=10 N=1 b/w0=0 | A1(r0)=0.00098394 A1(r1)=0.0010624 A1(r2)=2.86e-11 |r0|mean=0.0004942 rel_cep=0.991
   N=2        eps=0.15 a0=1 gamma=10 N=2 b/w0=0 | A1(r0)=2.6347e-07 A1(r1)=3.4711e-08 A1(r2)=5.98e-12 |r0|mean=1.325e-07 rel_cep=0.9883
   N=4        eps=0.15 a0=1 gamma=10 N=4 b/w0=0 | A1(r0)=1.3623e-11 A1(r1)=2.4898e-11 A1(r2)=3.64e-11 |r0|mean=7.171e-12 rel_cep=0.9006
     slope r0=-10.82 local=[-6.0, -11.87, -14.24]
     slope r1=-10.86 local=[-5.89, -14.9, -10.45]
 [lin_gamma]
   gamma=1        eps=0.15 a0=1 gamma=1 N=1 b/w0=0 | A1(r0)=0.017429 A1(r1)=0.0022792 A1(r2)=1.1e-12 |r0|mean=0.01061 rel_cep=0.5919
   gamma=3        eps=0.15 a0=1 gamma=3 N=1 b/w0=0 | A1(r0)=0.00013356 A1(r1)=0.0010335 A1(r2)=1.31e-11 |r0|mean=8.511e-05 rel_cep=0.4809
   gamma=10       eps=0.15 a0=1 gamma=10 N=1 b/w0=0 | A1(r0)=0.00098394 A1(r1)=0.0010624 A1(r2)=2.86e-11 |r0|mean=0.0004942 rel_cep=0.991
   gamma=100      eps=0.15 a0=1 gamma=100 N=1 b/w0=0 | A1(r0)=0.0010646 A1(r1)=0.0010654 A1(r2)=1.2e-10 |r0|mean=0.0005323 rel_cep=0.9999
   gamma=1000     eps=0.15 a0=1 gamma=1000 N=1 b/w0=0 | A1(r0)=0.0010653 A1(r1)=0.0010654 A1(r2)=2.28e-09 |r0|mean=0.0005326 rel_cep=1
     slope r0=-0.14 local=[-4.43, 1.66, 0.03, 0.0]
     slope r1=-0.07 local=[-0.72, 0.02, 0.0, 0.0]
 [lin_b]
   b_over_w0=0        eps=0.15 a0=1 gamma=10 N=1 b/w0=0 | A1(r0)=0.00098394 A1(r1)=0.0010624 A1(r2)=2.86e-11 |r0|mean=0.0004942 rel_cep=0.991
   b_over_w0=0.25     eps=0.15 a0=1 gamma=10 N=1 b/w0=0.25 | A1(r0)=0.00078943 A1(r1)=0.00082834 A1(r2)=6.18e-11 |r0|mean=0.01172 rel_cep=0.06733
   b_over_w0=0.5      eps=0.15 a0=1 gamma=10 N=1 b/w0=0.5 | A1(r0)=0.00029413 A1(r1)=0.00027315 A1(r2)=1.28e-11 |r0|mean=0.0162 rel_cep=0.01815
   b_over_w0=1        eps=0.15 a0=1 gamma=10 N=1 b/w0=1 | A1(r0)=0.00050049 A1(r1)=0.00051666 A1(r2)=3.07e-12 |r0|mean=0.007118 rel_cep=0.07031
   b_over_w0=1.5      eps=0.15 a0=1 gamma=10 N=1 b/w0=1.5 | A1(r0)=0.00026352 A1(r1)=0.00026399 A1(r2)=1.04e-13 |r0|mean=0.0007577 rel_cep=0.3478
 [cir_b]
   b_over_w0=0        eps=0.15 a0=1 gamma=10 N=1 b/w0=0 | A1(r0)=0.00096306 A1(r1)=0.00093815 A1(r2)=0.000822 |r0|mean=0.0008039 rel_cep=3.064e-12
   b_over_w0=0.25     eps=0.15 a0=1 gamma=10 N=1 b/w0=0.25 | A1(r0)=0.00084235 A1(r1)=0.00082071 A1(r2)=0.00244 |r0|mean=0.01148 rel_cep=0.04781
   b_over_w0=0.5      eps=0.15 a0=1 gamma=10 N=1 b/w0=0.5 | A1(r0)=0.0005594 A1(r1)=0.00054665 A1(r2)=0.00265 |r0|mean=0.016 rel_cep=0.01316
   b_over_w0=1        eps=0.15 a0=1 gamma=10 N=1 b/w0=1 | A1(r0)=0.00040242 A1(r1)=0.00040233 A1(r2)=0.000476 |r0|mean=0.00731 rel_cep=0.0478
   b_over_w0=1.5      eps=0.15 a0=1 gamma=10 N=1 b/w0=1.5 | A1(r0)=0.0001886 A1(r1)=0.00018856 A1(r2)=1e-05 |r0|mean=0.0008383 rel_cep=0.2217

### stage `scans`
 [a0]
   a0=0.25     | |r0|=0.000188915 |r1|=0.000188936 r2_z=-0.106865 -A/2=-0.104504 du_perp=0.0001864  r0=(-0.000187, 4.85e-08, -2.67e-05)
   a0=0.5      | |r0|=0.000382537 |r1|=0.000382685 r2_z=-0.427442 -A/2=-0.418015 du_perp=0.0003661  r0=(-0.000367, 3.87e-07, -0.000107)
   a0=1        | |r0|=0.000803867 |r1|=0.000804593 r2_z=-1.7095 -A/2=-1.67206 du_perp=0.0006785  r0=(-0.000681, 3.06e-06, -0.000427)
   a0=2        | |r0|=0.00194618 |r1|=0.00196241 r2_z=-6.83363 -A/2=-6.68824 du_perp=0.0009297  r0=(-0.000934, 2.31e-05, -0.00171)
   a0=4        | |r0|=0.0069703 |r1|=0.00866777 r2_z=-27.2628 -A/2=-26.753 du_perp=0.001518  r0=(0.0015, 0.000143, -0.0068)
     slopes: {'r0': 1.276, 'r1': 1.34, 'r2': 1.999}
 [gamma]
   gamma=1        | |r0|=0.148823 |r1|=0.159427 r2_z=-1.57362 -A/2=-1.67206 du_perp=0.01296  r0=(0.0133, -0.00456, -0.148)
   gamma=3        | |r0|=0.00498377 |r1|=0.00531758 r2_z=-1.70513 -A/2=-1.67206 du_perp=0.0001084  r0=(7.86e-05, 2.79e-05, -0.00498)
   gamma=10       | |r0|=0.000803867 |r1|=0.000804593 r2_z=-1.7095 -A/2=-1.67206 du_perp=0.0006785  r0=(-0.000681, 3.06e-06, -0.000427)
   gamma=100      | |r0|=0.000752641 |r1|=0.000749939 r2_z=-1.7099 -A/2=-1.67206 du_perp=0.0007526  r0=(-0.000753, 3.1e-08, -4.25e-06)
   gamma=1000     | |r0|=0.000753256 |r1|=0.000750788 r2_z=-1.70971 -A/2=-1.67206 du_perp=0.0007533  r0=(-0.000753, 3.1e-10, -4.25e-08)
 [N]
   N=0.5      | |r0|=0.0444407 |r1|=0.044408 r2_z=-0.861333 -A/2=-0.83603 du_perp=0.0443  r0=(-0.0444, 6.69e-05, -0.000279)
   N=1        | |r0|=0.000803867 |r1|=0.000804593 r2_z=-1.7095 -A/2=-1.67206 du_perp=0.0006785  r0=(-0.000681, 3.06e-06, -0.000427)
   N=2        | |r0|=0.000787776 |r1|=0.000821854 r2_z=-3.37904 -A/2=-3.34412 du_perp=2.342e-07  r0=(2.34e-07, -1.41e-09, -0.000788)
   N=4        | |r0|=0.00144805 |r1|=0.00150002 r2_z=-6.5058 -A/2=-6.68824 du_perp=9.623e-12  r0=(9.61e-12, 4.18e-13, -0.00145)
     slopes: {'r0': -1.485, 'r1': -1.463}
 [b]
   b_over_w0=0        | |r0|=0.000803867 |r1|=0.000804593 r2_z=-1.7095 -A/2=-1.67206 du_perp=0.0006785  r0=(-0.000681, 3.06e-06, -0.000427)
   b_over_w0=0.25     | |r0|=0.0114861 |r1|=0.011018 r2_z=-1.51507 -A/2=-1.67206 du_perp=0.01148  r0=(-0.000639, -0.0115, -0.000334)
   b_over_w0=0.5      | |r0|=0.0159978 |r1|=0.0154798 r2_z=-1.05229 -A/2=-1.67206 du_perp=0.016  r0=(-0.000518, -0.016, -0.000138)
   b_over_w0=1        | |r0|=0.00731085 |r1|=0.00733762 r2_z=-0.237217 -A/2=-1.67206 du_perp=0.007311  r0=(-0.000195, -0.00731, 5.8e-05)
   b_over_w0=1.5      | |r0|=0.000838434 |r1|=0.000896183 r2_z=-0.0177265 -A/2=-1.67206 du_perp=0.0008384  r0=(-2.88e-05, -0.000838, 1.62e-05)
 [delta]
   delta=0        | |r0|=4.47076e-06 |r1|=3.42287e-07 r2_z=0 -A/2=-0 du_perp=4.471e-06  r0=(-0, 4.47e-06, -0)
   delta=0.25     | |r0|=0.000304812 |r1|=0.000294613 r2_z=-0.80447 -A/2=-0.786852 du_perp=0.0002283  r0=(-0.000229, 4.32e-06, -0.000201)
   delta=0.5      | |r0|=0.000545418 |r1|=0.000531865 r2_z=-1.3676 -A/2=-1.33765 du_perp=0.0004235  r0=(-0.000425, 3.94e-06, -0.000342)
   delta=1        | |r0|=0.000803867 |r1|=0.000804593 r2_z=-1.7095 -A/2=-1.67206 du_perp=0.0006785  r0=(-0.000681, 3.06e-06, -0.000427)

### stage `a0big` -- CEP amplitude at large a0 (linear polarisation)
 [a0]
   a0=1       eps=0.15 gamma=10 | A1(r0)=0.000983937 A1(r1)=0.0010624 |r0|mean=0.0004942 rel_cep=0.991 du_perp=0.0004924
   a0=2       eps=0.15 gamma=10 | A1(r0)=0.0014873 A1(r1)=0.00211378 |r0|mean=0.0007607 rel_cep=0.9546 du_perp=0.0007572
   a0=3       eps=0.15 gamma=10 | A1(r0)=0.00103914 A1(r1)=0.00314389 |r0|mean=0.00057136 rel_cep=0.8086 du_perp=0.0005663
   a0=4       eps=0.15 gamma=10 | A1(r0)=0.000873884 A1(r1)=0.00414394 |r0|mean=0.00053864 rel_cep=0.5622 du_perp=0.000545
   a0=6       eps=0.15 gamma=10 | A1(r0)=0.0106446 A1(r1)=0.00603016 |r0|mean=0.0056012 rel_cep=0.8977 du_perp=0.005609
   a0=8       eps=0.15 gamma=10 | A1(r0)=0.0311894 A1(r1)=0.00775507 |r0|mean=0.015909 rel_cep=0.96 du_perp=0.01592
   a0=12      eps=0.15 gamma=10 | A1(r0)=0.115233 A1(r1)=0.0109436 |r0|mean=0.059816 rel_cep=0.925 du_perp=0.05986
   a0=16      eps=0.15 gamma=10 | A1(r0)=0.267816 A1(r1)=0.0148486 |r0|mean=0.14846 rel_cep=0.792 du_perp=0.1491
   a0=24      eps=0.15 gamma=10 | A1(r0)=0.781266 A1(r1)=0.0339889 |r0|mean=0.50076 rel_cep=0.4659 du_perp=0.516
     slope r0 = 2.39  local=[0.6, -0.88, -0.6, 6.17, 3.74, 3.22, 2.93, 2.64]
     slope r1 = 1.02  local=[0.99, 0.98, 0.96, 0.93, 0.87, 0.85, 1.06, 2.04]
 [eps_at_a08]
   eps=0.2     eps=0.2 gamma=10 | A1(r0)=0.0683028 A1(r1)=0.0230334 |r0|mean=0.035796 rel_cep=0.9058 du_perp=0.03582
   eps=0.15    eps=0.15 gamma=10 | A1(r0)=0.0311894 A1(r1)=0.00775507 |r0|mean=0.015909 rel_cep=0.96 du_perp=0.01592
   eps=0.1     eps=0.1 gamma=10 | A1(r0)=0.0119094 A1(r1)=0.00267919 |r0|mean=0.0060816 rel_cep=0.9578 du_perp=0.006085
   eps=0.07    eps=0.07 gamma=10 | A1(r0)=0.00550303 A1(r1)=0.00121555 |r0|mean=0.002821 rel_cep=0.9501 du_perp=0.002823
     slope r0 = 2.39  local=[2.72, 2.37, 2.16]
 [gamma_at_a08]
   gamma=1       eps=0.15 gamma=1 | A1(r0)=3.3667 A1(r1)=5.6743 |r0|mean=2.3806 rel_cep=0.004526 du_perp=4.012
   gamma=10      eps=0.15 gamma=10 | A1(r0)=0.0311894 A1(r1)=0.00775507 |r0|mean=0.015909 rel_cep=0.96 du_perp=0.01592
   gamma=1000    eps=0.15 gamma=1000 | A1(r0)=0.00851949 A1(r1)=0.00852309 |r0|mean=0.0042599 rel_cep=1 du_perp=0.00426

### stage `window` -- analytic estimates only
   gamma=10      a0=1     N=1 eps=0.15 w0/lam=1.06 | chi=6.05e-05 R_C=2.94e-07 N_gam=0.0073 P_sf=2.67e-11
   gamma=10      a0=10    N=1 eps=0.15 w0/lam=1.06 | chi=0.000605 R_C=2.94e-05 N_gam=0.073 P_sf=2.67e-08
   gamma=1000    a0=1     N=1 eps=0.15 w0/lam=1.06 | chi=0.00607 R_C=2.95e-05 N_gam=0.0073 P_sf=2.69e-07
   gamma=1000    a0=10    N=1 eps=0.15 w0/lam=1.06 | chi=0.0607 R_C=0.00295 N_gam=0.073 P_sf=0.000269
   gamma=1       a0=10    N=1 eps=0.15 w0/lam=1.06 | chi=3.03e-05 R_C=1.48e-06 N_gam=0.073 P_sf=6.71e-11
   gamma=1       a0=50    N=8 eps=0.15 w0/lam=1.06 | chi=0.000152 R_C=0.000295 N_gam=2.92 P_sf=6.71e-08
   gamma=1000    a0=50    N=8 eps=0.15 w0/lam=1.06 | chi=0.303 R_C=0.59 N_gam=2.92 P_sf=0.269
   gamma=100     a0=10    N=1 eps=0.1 w0/lam=1.59 | chi=0.00607 R_C=0.000295 N_gam=0.073 P_sf=2.69e-06
