### indep_check.py   (3.4 s)
==============================================================================================================
T1  g = 2 exactly (anomaly a=0): net map must be IDENTITY for any pulse / u0
  a=0 lin       gamma=   1.000 u0perp=+0.000         |R-1|=1.155e-14  angle=1.074538e-07  axis=(+0.000,+1.000,+0.000) |u-u0|=2.08e-14
  a=0 lin       gamma=  50.000 u0perp=+0.000         |R-1|=5.912e-12  angle=2.431402e-06  axis=(+0.000,+1.000,+0.000) |u-u0|=8.24e-14
  a=0 lin       gamma=  20.000 u0perp=+5.714         |R-1|=4.365e-11  angle=6.606577e-06  axis=(+0.181,-0.983,+0.039) |u-u0|=1.51e-12
  a=0 ellip     gamma=   1.000 u0perp=+0.000         |R-1|=2.896e-14  angle=1.698994e-07  axis=(+0.764,+0.645,+0.000) |u-u0|=4.94e-14
  a=0 ellip     gamma=  50.000 u0perp=+0.000         |R-1|=1.319e-14  angle=0.000000e+00  axis=(+0.758,+0.652,+0.000) |u-u0|=9.55e-15
  a=0 ellip     gamma=  20.000 u0perp=+5.714         |R-1|=9.142e-12  angle=2.990793e-06  axis=(-0.805,-0.519,+0.287) |u-u0|=1.39e-12
  a=0 circ      gamma=   1.000 u0perp=+0.000         |R-1|=2.112e-12  angle=1.453303e-06  axis=(+0.927,+0.376,+0.000) |u-u0|=2.99e-12
  a=0 circ      gamma=  50.000 u0perp=+0.000         |R-1|=2.729e-12  angle=1.651812e-06  axis=(+0.530,+0.848,+0.000) |u-u0|=4.23e-14
  a=0 circ      gamma=  20.000 u0perp=+5.714         |R-1|=1.394e-11  angle=3.701732e-06  axis=(-0.903,-0.314,+0.293) |u-u0|=1.91e-12
  a=0 dc        gamma=   1.000 u0perp=+0.000         |R-1|=3.783e-14  angle=0.000000e+00  axis=(+0.809,+0.588,+0.000) |u-u0|=5.85e-14
  a=0 dc        gamma=  50.000 u0perp=+0.000         |R-1|=7.276e-12  angle=2.697398e-06  axis=(-0.994,-0.108,+0.000) |u-u0|=1.01e-13
  a=0 dc        gamma=  20.000 u0perp=+5.714         |R-1|=5.792e-12  angle=2.384000e-06  axis=(+0.090,-0.993,+0.070) |u-u0|=8.35e-13
  a=0 rotplane  gamma=   1.000 u0perp=+0.000         |R-1|=1.012e-09  angle=1.047118e-06  axis=(-0.121,+0.993,+0.000) |u-u0|=7.16e-10
  a=0 rotplane  gamma=  50.000 u0perp=+0.000         |R-1|=6.106e-10  angle=3.303625e-06  axis=(+0.474,+0.880,+0.000) |u-u0|=4.32e-10
  a=0 rotplane  gamma=  20.000 u0perp=+5.714         |R-1|=2.090e-09  angle=3.953163e-06  axis=(-0.166,-0.976,+0.143) |u-u0|=1.50e-09
  a=0 fig8      gamma=   1.000 u0perp=+0.000         |R-1|=9.035e-10  angle=6.710488e-07  axis=(+0.987,-0.158,+0.000) |u-u0|=6.39e-10
  a=0 fig8      gamma=  50.000 u0perp=+0.000         |R-1|=1.414e-09  angle=3.504023e-06  axis=(+1.000,-0.010,+0.000) |u-u0|=1.00e-09
  a=0 fig8      gamma=  20.000 u0perp=+5.714         |R-1|=9.849e-10  angle=4.835421e-06  axis=(+0.821,-0.539,-0.187) |u-u0|=7.06e-10

### indep_check2.py   (18.2 s)
================================================================================================================
T2  LINEAR polarization, arbitrary anomaly a (even huge), arbitrary gamma/u0perp/CEP -> identity?
  a=+0.0012 cep=0.0 gamma=   1.000 uperp=+0.00       |R-1|=4.083e-14  angle=1.788139e-07  axis=(+0.000,+1.000,+0.000) 
  a=+0.0012 cep=0.0 gamma= 100.000 uperp=+0.00       |R-1|=1.274e-11  angle=3.573297e-06  axis=(+0.000,+1.000,+0.000) 
  a=+0.0012 cep=0.0 gamma=  20.000 uperp=+7.29       |R-1|=4.430e-11  angle=6.658002e-06  axis=(-0.062,+0.984,-0.166) 
  a=+0.0012 cep=0.7 gamma=   1.000 uperp=+0.00       |R-1|=4.845e-14  angle=2.117853e-07  axis=(+0.000,-1.000,+0.000) 
  a=+0.0012 cep=0.7 gamma= 100.000 uperp=+0.00       |R-1|=1.819e-11  angle=4.269852e-06  axis=(+0.000,-1.000,+0.000) 
  a=+0.0012 cep=0.7 gamma=  20.000 uperp=+7.29       |R-1|=4.290e-11  angle=6.560303e-06  axis=(-0.185,+0.976,-0.119) 
  a=+0.0012 cep=1.9 gamma=   1.000 uperp=+0.00       |R-1|=5.818e-14  angle=2.365486e-07  axis=(+0.000,+1.000,+0.000) 
  a=+0.0012 cep=1.9 gamma= 100.000 uperp=+0.00       |R-1|=2.551e-11  angle=5.053669e-06  axis=(+0.000,+1.000,+0.000) 
  a=+0.0012 cep=1.9 gamma=  20.000 uperp=+7.29       |R-1|=4.681e-11  angle=6.402160e-06  axis=(-0.032,+0.983,-0.179) 
  a=+0.1000 cep=0.0 gamma=   1.000 uperp=+0.00       |R-1|=3.457e-13  angle=6.935046e-07  axis=(+0.000,-1.000,+0.000) 
  a=+0.1000 cep=0.0 gamma= 100.000 uperp=+0.00       |R-1|=1.475e-11  angle=4.049663e-06  axis=(+0.000,+1.000,+0.000) 
  a=+0.1000 cep=0.0 gamma=  20.000 uperp=+7.29       |R-1|=1.738e-11  angle=4.798637e-06  axis=(-0.102,+0.983,-0.150) 
  a=+0.1000 cep=0.7 gamma=   1.000 uperp=+0.00       |R-1|=3.746e-13  angle=7.223606e-07  axis=(+0.000,-1.000,+0.000) 
  a=+0.1000 cep=0.7 gamma= 100.000 uperp=+0.00       |R-1|=9.386e-12  angle=3.357956e-06  axis=(+0.000,+1.000,+0.000) 
  a=+0.1000 cep=0.7 gamma=  20.000 uperp=+7.29       |R-1|=1.891e-11  angle=4.997557e-06  axis=(-0.010,-0.977,+0.212) 
  a=+0.1000 cep=1.9 gamma=   1.000 uperp=+0.00       |R-1|=3.078e-13  angle=6.583548e-07  axis=(+0.000,+1.000,+0.000) 
  a=+0.1000 cep=1.9 gamma= 100.000 uperp=+0.00       |R-1|=1.082e-11  angle=3.274460e-06  axis=(+0.000,-1.000,+0.000) 
  a=+0.1000 cep=1.9 gamma=  20.000 uperp=+7.29       |R-1|=2.837e-10  angle=4.797526e-06  axis=(-0.034,+0.983,-0.178) 
  a=+1.0000 cep=0.0 gamma=   1.000 uperp=+0.00       |R-1|=1.540e-12  angle=1.440411e-06  axis=(+0.000,-1.000,+0.000) 
  a=+1.0000 cep=0.0 gamma= 100.000 uperp=+0.00       |R-1|=3.170e-11  angle=4.123073e-06  axis=(+0.000,-1.000,+0.000) 
  a=+1.0000 cep=0.0 gamma=  20.000 uperp=+7.29       |R-1|=1.703e-12  angle=0.000000e+00  axis=(+0.006,+0.989,+0.149) 
  a=+1.0000 cep=0.7 gamma=   1.000 uperp=+0.00       |R-1|=1.293e-12  angle=1.340442e-06  axis=(+0.000,-1.000,+0.000) 
  a=+1.0000 cep=0.7 gamma= 100.000 uperp=+0.00       |R-1|=6.014e-11  angle=0.000000e+00  axis=(+0.000,+1.000,+0.000) 
  a=+1.0000 cep=0.7 gamma=  20.000 uperp=+7.29       |R-1|=5.677e-12  angle=2.737275e-06  axis=(+0.211,+0.977,+0.022) 
  a=+1.0000 cep=1.9 gamma=   1.000 uperp=+0.00       |R-1|=1.069e-12  angle=1.219166e-06  axis=(+0.000,-1.000,+0.000) 
  a=+1.0000 cep=1.9 gamma= 100.000 uperp=+0.00       |R-1|=3.013e-11  angle=0.000000e+00  axis=(+0.000,+1.000,+0.000) 
  a=+1.0000 cep=1.9 gamma=  20.000 uperp=+7.29       |R-1|=1.046e-08  angle=2.260266e-06  axis=(+0.033,-0.983,+0.178) 
  a=-0.7000 cep=0.0 gamma=   1.000 uperp=+0.00       |R-1|=2.897e-12  angle=1.742608e-06  axis=(+0.000,-1.000,+0.000) 
  a=-0.7000 cep=0.0 gamma= 100.000 uperp=+0.00       |R-1|=3.198e-11  angle=3.820049e-06  axis=(+0.000,+1.000,+0.000) 
  a=-0.7000 cep=0.0 gamma=  20.000 uperp=+7.29       |R-1|=5.727e-12  angle=1.974165e-06  axis=(+0.096,+0.980,-0.172) 
  a=-0.7000 cep=0.7 gamma=   1.000 uperp=+0.00       |R-1|=1.333e-12  angle=1.332134e-06  axis=(+0.000,-1.000,+0.000) 
  a=-0.7000 cep=0.7 gamma= 100.000 uperp=+0.00       |R-1|=2.436e-11  angle=2.240929e-06  axis=(+0.000,-1.000,+0.000) 
  a=-0.7000 cep=0.7 gamma=  20.000 uperp=+7.29       |R-1|=2.874e-12  angle=1.918955e-06  axis=(+0.528,-0.833,-0.167) 
  a=-0.7000 cep=1.9 gamma=   1.000 uperp=+0.00       |R-1|=1.279e-12  angle=1.298027e-06  axis=(+0.000,+1.000,+0.000) 
  a=-0.7000 cep=1.9 gamma= 100.000 uperp=+0.00       |R-1|=1.602e-11  angle=3.166137e-06  axis=(+0.000,-1.000,+0.000) 
  a=-0.7000 cep=1.9 gamma=  20.000 uperp=+7.29       |R-1|=3.940e-12  angle=9.088487e-07  axis=(-0.033,-0.993,+0.111) 
================================================================================================================
T3  ELLIPTIC: Theta_net vs (1/2) a^2 A, scaling in anomaly a
   calligraphic A = int (ax ay' - ay ax') deta = 17.0155569687
   a=  1.0e-03  Theta_num=-8.507774e-06  (1/2)a^2A=+8.507778e-06  ratio=-0.99999952  axis=(-0.0001,-0.0000,-1.0000)
   a=  1.0e-02  Theta_num=-8.507369e-04  (1/2)a^2A=+8.507778e-04  ratio=-0.99995192  axis=(-0.0007,-0.0001,-1.0000)
   a=  3.0e-02  Theta_num=-7.653690e-03  (1/2)a^2A=+7.657001e-03  ratio=-0.99956759  axis=(-0.0022,-0.0004,-1.0000)
   a=  1.0e-01  Theta_num=-8.467270e-02  (1/2)a^2A=+8.507778e-02  ratio=-0.99523865  axis=(-0.0069,-0.0012,-1.0000)
   a=  3.0e-01  Theta_num=-7.351533e-01  (1/2)a^2A=+7.657001e-01  ratio=-0.96010604  axis=(-0.0152,-0.0001,-0.9999)
================================================================================================================
T4  gamma-independence of Theta (elliptic, a = alpha/2pi)
   gamma=    1.000 kappa=    1.000 uperp=+0.00  Theta_z=-1.147590e-05  |angle|=1.147769e-05  pred=+1.147591e-05 axis=(-0.000,-0.000,-1.000)
   gamma=   10.000 kappa=   19.950 uperp=+0.00  Theta_z=-1.147590e-05  |angle|=1.152300e-05  pred=+1.147591e-05 axis=(-0.000,-0.000,-1.000)
   gamma=  100.000 kappa=  199.995 uperp=+0.00  Theta_z=-1.147590e-05  |angle|=1.155500e-05  pred=+1.147591e-05 axis=(-0.000,-0.000,-1.000)
   gamma= 1000.000 kappa= 1999.999 uperp=+0.00  Theta_z=-1.147590e-05  |angle|=2.444091e-05  pred=+1.147591e-05 axis=(-0.000,-0.000,-1.000)
   gamma=   20.000 kappa=   38.235 uperp=+7.29  Theta_z=-1.052507e-05  |angle|=1.229302e-05  pred=+1.147591e-05 axis=(-0.356,-0.178,-0.917)
================================================================================================================
T5  CIRCULAR flat-top: exact resummation Theta = (sqrt(1+a^2 a0^2)-1) * Deta ?
   a0=  1.0 a= 0.00116  A=   23.3496  Theta=-1.57477827e-05  (1/2)a^2A=+1.57477877e-05  exact-resum=+1.57477824e-05
   a0=  1.0 a= 0.05000  A=   23.3496  Theta=-2.91696769e-02  (1/2)a^2A=+2.91869449e-02  exact-resum=+2.91687258e-02
   a0=  1.0 a= 0.20000  A=   23.3496  Theta=-4.62651359e-01  (1/2)a^2A=+4.66991118e-01  exact-resum=+4.62412334e-01
   a0=  5.0 a= 0.00116  A=  583.7389  Theta=-3.93691547e-04  (1/2)a^2A=+3.93694693e-04  exact-resum=+3.93691374e-04
   a0=  5.0 a= 0.05000  A=  583.7389  Theta=-7.19192322e-01  (1/2)a^2A=+7.29673622e-01  exact-resum=+7.18615422e-01
   a0=  5.0 a= 0.20000  A=  583.7389  Theta=+2.79608839e+00  (1/2)a^2A=+1.16747780e+01  exact-resum=+9.67170274e+00
   a0= 20.0 a= 0.00116  A= 9339.8224  Theta=-6.29830996e-03  (1/2)a^2A=+6.29911509e-03  exact-resum=+6.29826565e-03
   a0= 20.0 a= 0.05000  A= 9339.8224  Theta=+2.79608839e+00  (1/2)a^2A=+1.16747780e+01  exact-resum=+9.67170274e+00
   a0= 20.0 a= 0.20000  A= 9339.8224  Theta=-8.11117413e-01  (1/2)a^2A=+1.86796447e+02  exact-resum=+7.29231294e+01
================================================================================================================
T6  other pulse shapes at a = alpha/2pi:  Theta vs (1/2)a^2 A
   lin       a= 0.00116 A=   +0.000000 Theta=+0.000000e+00 (1/2)a^2A=+0.000000e+00  |R-1|=1.271e-13 axis=(+0.000,-1.000,+0.000)
   lin       a= 0.10000 A=   +0.000000 Theta=+0.000000e+00 (1/2)a^2A=+0.000000e+00  |R-1|=3.731e-13 axis=(+0.000,-1.000,+0.000)
   dc        a= 0.00116 A=   -0.141590 Theta=+9.549243e-08 (1/2)a^2A=-9.549318e-08  |R-1|=1.350e-07 axis=(+0.005,+0.000,+1.000)
   dc        a= 0.10000 A=   -0.141590 Theta=+6.667719e-04 (1/2)a^2A=-7.079481e-04  |R-1|=1.027e-03 axis=(+0.397,+0.000,+0.918)
   rotplane  a= 0.00116 A=   +1.545900 Theta=-1.042610e-06 (1/2)a^2A=+1.042611e-06  |R-1|=1.474e-06 axis=(-0.000,+0.000,-1.000)
   rotplane  a= 0.10000 A=   +1.545900 Theta=-7.682703e-03 (1/2)a^2A=+7.729500e-03  |R-1|=1.087e-02 axis=(-0.033,+0.006,-0.999)
   fig8      a= 0.00116 A=   +0.623302 Theta=-4.203740e-07 (1/2)a^2A=+4.203772e-07  |R-1|=5.948e-07 axis=(-0.033,-0.001,-0.999)
   fig8      a= 0.10000 A=   +0.623302 Theta=-2.943083e-03 (1/2)a^2A=+3.116508e-03  |R-1|=1.362e-02 axis=(-0.952,-0.000,-0.306)
   ellip     a= 0.00116 A=  +28.359262 Theta=-1.912650e-05 (1/2)a^2A=+1.912652e-05  |R-1|=2.705e-05 axis=(-0.000,-0.000,-1.000)
   ellip     a= 0.10000 A=  +28.359262 Theta=-1.408114e-01 (1/2)a^2A=+1.417963e-01  |R-1|=1.990e-01 axis=(-0.006,-0.003,-1.000)
================================================================================================================
T7  hypothesis violated: alpha(+inf) != alpha(-inf)  (net momentum kick)
   a= 0.00000  |u_f-u_0|=2.001251e+00  |R-1|=3.464102e+00
   a= 0.00116  |u_f-u_0|=2.001251e+00  |R-1|=3.466783e+00
   a= 0.10000  |u_f-u_0|=2.001251e+00  |R-1|=3.686374e+00
================================================================================================================
T8  interaction-picture generator:  M = Ad_{exp(-A)} Omega_1  should equal -zhat ^ alpha'  (kappa=1)
   max |M - (-zhat^alpha')| over eta grid = 2.720e-15

### indep_check3.py   (139.6 s)
==============================================================================================================
T9  transverse initial momentum: angle must be INVARIANT (null rotation conjugation),
    axis = propagation direction of the wave AS SEEN IN THE ELECTRON REST FRAME
   A = 17.01555697   (1/2)a^2 A = 1.14759090e-05
   gamma=   1.000 u0perp=(+0.00,+0.00) kappa=   1.000  angle=1.14759016e-05  axis=(-0.0001,-0.0000,-1.0000)  k_restframe=(-0.0000,-0.0000,-1.0000)
   gamma=  20.000 u0perp=(+0.00,+0.00) kappa=  39.975  angle=1.14759016e-05  axis=(-0.0001,-0.0000,-1.0000)  k_restframe=(-0.0000,-0.0000,-1.0000)
   gamma=  20.000 u0perp=(+7.29,+3.65) kappa=  38.235  angle=1.14759016e-05  axis=(-0.3565,-0.1782,-0.9171)  k_restframe=(-0.3564,-0.1782,-0.9172)
   gamma=  20.000 u0perp=(+15.49,-7.23) kappa=  30.329  angle=1.14759016e-05  axis=(-0.7622,+0.3556,-0.5410)  k_restframe=(-0.7621,+0.3556,-0.5410)
   gamma=   5.000 u0perp=(+4.84,+0.00) kappa=   5.727  angle=1.14759016e-05  axis=(-0.9485,-0.0000,-0.3168)  k_restframe=(-0.9485,-0.0000,-0.3169)
   gamma=  20.000 u0perp=(+0.00,+0.00) kappa=   0.025  angle=1.14759032e-05  axis=(-0.0001,-0.0000,-1.0000)  k_restframe=(-0.0000,-0.0000,-1.0000)
==============================================================================================================
T10  zero-area 2D pulse (alpha_y = c alpha_x^2, curve retraced -> A == 0):
     expect Theta = 0 at O(a^2); check residual scaling in a
   A(numeric) = 0.000e+00
   a= 0.030  |angle|=2.406006e-11  axis=(-0.780,+0.626,+0.001)
   a= 0.100  |angle|=7.612922e-11  axis=(-0.950,+0.312,+0.006)   ratio vs previous a: 3.164  (a-ratio^3=37.037, ^4=123.457)
   a= 0.300  |angle|=6.995987e-11  axis=(+0.330,-0.943,-0.052)   ratio vs previous a: 0.919  (a-ratio^3=27.000, ^4=81.000)
   a= 0.600  |angle|=5.949537e-11  axis=(-0.454,-0.885,-0.104)   ratio vs previous a: 0.850  (a-ratio^3=8.000, ^4=16.000)
==============================================================================================================
T11  exact circular resummation, small a, long flat top
   a0=  1.0 a=0.050 a*a0= 0.050  |angle|_num=2.319268e-02  (1/2)a^2A=2.320796e-02  resum=(sqrt(1+a^2a0^2)-1)*Deta=2.319348e-02  axis_z=-1.0000
   a0=  1.0 a=0.300 a*a0= 0.300  |angle|_num=7.305059e-01  (1/2)a^2A=8.354867e-01  resum=(sqrt(1+a^2a0^2)-1)*Deta=8.174894e-01  axis_z=-1.0000
   a0=  3.0 a=0.100 a*a0= 0.300  |angle|_num=7.305059e-01  (1/2)a^2A=8.354867e-01  resum=(sqrt(1+a^2a0^2)-1)*Deta=8.174894e-01  axis_z=-1.0000
   a0=  3.0 a=0.300 a*a0= 0.900  |angle|_num=2.270372e-01  (1/2)a^2A=7.519380e+00  resum=(sqrt(1+a^2a0^2)-1)*Deta=6.412126e+00  axis_z=-0.9606
   a0= 10.0 a=0.050 a*a0= 0.500  |angle|_num=8.070222e-01  (1/2)a^2A=2.320796e+00  resum=(sqrt(1+a^2a0^2)-1)*Deta=2.191463e+00  axis_z=-1.0000
==============================================================================================================
T12  chirped / few-cycle / arbitrary shapes, g=2 and linear pol at large anomaly
   chirped eps=0.00 a= 0.00000 gamma=  500.0 A= +0.000000  |angle|=9.393508e-11  (1/2)a^2A=+0.000000e+00 axis_z=+0.0000
   chirped eps=0.00 a= 0.00116 gamma=    1.0 A= +0.000000  |angle|=2.412047e-09  (1/2)a^2A=+0.000000e+00 axis_z=+0.0000
   chirped eps=0.00 a= 0.00116 gamma=  500.0 A= +0.000000  |angle|=1.779771e-09  (1/2)a^2A=+0.000000e+00 axis_z=+0.0000
   chirped eps=0.00 a= 0.30000 gamma=   30.0 A= +0.000000  |angle|=2.035160e-09  (1/2)a^2A=+0.000000e+00 axis_z=+0.0000
   chirped eps=0.45 a= 0.00000 gamma=  500.0 A=+24.925132  |angle|=4.433656e-10  (1/2)a^2A=+0.000000e+00 axis_z=+0.0000
   chirped eps=0.45 a= 0.00116 gamma=    1.0 A=+24.925132  |angle|=1.681040e-05  (1/2)a^2A=+1.681041e-05 axis_z=-1.0000
   chirped eps=0.45 a= 0.00116 gamma=  500.0 A=+24.925132  |angle|=1.681040e-05  (1/2)a^2A=+1.681041e-05 axis_z=-1.0000
   chirped eps=0.45 a= 0.30000 gamma=   30.0 A=+24.925132  |angle|=8.716444e-01  (1/2)a^2A=+1.121631e+00 axis_z=-0.9999

### indep_check4.py   (4.0 s)
Reparametrization invariance of the net rotation (a = alpha/2pi):
  id        A=17.01555697  Theta_num=1.147590162e-05  (1/2)a^2A=1.147590901e-05  axis_z=-1.0000
  wiggle    A=17.01555697  Theta_num=1.147590197e-05  (1/2)a^2A=1.147590901e-05  axis_z=-1.0000
  stretch   A=17.01555697  Theta_num=1.147590186e-05  (1/2)a^2A=1.147590901e-05  axis_z=-1.0000
  tanhwarp  A=17.01555697  Theta_num=1.147590170e-05  (1/2)a^2A=1.147590901e-05  axis_z=-1.0000

Same but with a LARGE anomaly (a=0.25) -> tests all orders, not just O(a^2):
  id        A=17.01555697  Theta_num=4.940273291e-01  (1/2)a^2A=5.317361553e-01  axis_z=-0.9999
  wiggle    A=17.01555697  Theta_num=4.940273292e-01  (1/2)a^2A=5.317361553e-01  axis_z=-0.9999
  stretch   A=17.01555697  Theta_num=4.940273290e-01  (1/2)a^2A=5.317361553e-01  axis_z=-0.9999
  tanhwarp  A=17.01555697  Theta_num=4.940273291e-01  (1/2)a^2A=5.317361553e-01  axis_z=-0.9999

CEP independence for exactly circular polarization (rigid rotation of the curve):
  cep=0.00 A=28.35926162 Theta(a=0.25)=7.5189346533e-01 axis_z=-0.999973
  cep=0.50 A=28.35926162 Theta(a=0.25)=7.5189346534e-01 axis_z=-0.999973
  cep=1.30 A=28.35926162 Theta(a=0.25)=7.5189346528e-01 axis_z=-0.999973
  cep=2.70 A=28.35926162 Theta(a=0.25)=7.5189346541e-01 axis_z=-0.999973

CEP dependence for ELLIPTIC (delta=0.6) at large anomaly (path shape changes):
  cep=0.00 A=17.01555697 Theta(a=0.25)=4.9403126534e-01 (1/2)a^2A=5.317362e-01
  cep=0.50 A=17.01555697 Theta(a=0.25)=4.9402090555e-01 (1/2)a^2A=5.317362e-01
  cep=1.30 A=17.01555697 Theta(a=0.25)=4.9398941651e-01 (1/2)a^2A=5.317362e-01
  cep=2.70 A=17.01555697 Theta(a=0.25)=4.9402303281e-01 (1/2)a^2A=5.317362e-01
