spin_magnitude.py -- run log
==============================================================================
python 3.13.2  numpy 2.4.4  scipy 1.17.1
os Windows-10-10.0.19045-SP0
anomaly a=(g-2)/2 = 0.00115965218059
sigma per cycle = 3.7734373   L(cos2) per cycle = 8.6294057   gauss truncation = 8.0 sigma
integrator: scipy DOP853, rtol 1e-13 / atol 1e-16 (1e-12/1e-14 for the t2 grid)
  t1: sm_t1.json (84.0 s)
  t2: sm_t2lin.json (84.2 s) + sm_t2cir.json (153.0 s)
  t3: sm_t3.json (~300 s)
  t4: sm_t4.json (44.7 s)
  t5: sm_t5.json (0.0 s)

STAGE t1 -- VALIDATION
------------------------------------------------------------------------------
  (a) g=2, 180 cases (2 envelopes x 5 gamma x 3 a0 x 2 N x 3 phi0):
      max net rotation angle Theta        = 2.568e-13 rad
  (b) arbitrary g, anomaly up to 10 (~1e4 x physical), 60 cases, linear pol.:
      max net rotation angle Theta        = 4.902e-08 rad (gamma=5000, roundoff-limited)
  (c) exact closed form vs integrator, max rel. err = 7.882e-13
  (d) invariants: max |S.u| = 4.47e-07   max |S.S+1| = 9.02e-07
      max |u(+inf)-u(-inf)| = 1.24e-13   max |R^T R - 1| = 9.02e-07

STAGE t2 -- GRID (net rotation after the pulse)
------------------------------------------------------------------------------
   pol   gamma    a0   N |  Theta_mean CEP half-amp     P_flip     noise
   lin       1   0.1   1 |  4.2032e-15     2.76e-15  1.217e-29   9.5e-15
   lin       1   0.1   2 |  7.7501e-15     5.95e-15  4.604e-29   6.0e-15
   lin       1   0.1   4 |  1.2500e-14     4.32e-15  6.073e-29   1.8e-14
   lin       1   0.1   8 |  1.6777e-14     9.13e-15  1.630e-28   2.1e-14
   lin       1     1   1 |  1.0663e-14     1.01e-14  1.055e-28   2.6e-14
   lin       1     1   2 |  1.2223e-14     8.81e-15  1.208e-28   7.0e-14
   lin       1     1   4 |  6.9851e-14     3.96e-14  3.054e-27   9.0e-14
   lin       1     1   8 |  2.3776e-14     1.87e-14  3.829e-28   2.1e-13
   lin       1    10   1 |  2.1144e-13     1.76e-13  4.714e-26   2.5e-12
   lin       1    10   2 |  1.6553e-13     1.59e-13  2.872e-26   4.4e-12
   lin       1    10   4 |  2.1592e-13     7.40e-14  2.042e-26   5.5e-12
   lin       1    10   8 |  4.4395e-13     2.65e-13  1.269e-25   2.1e-11
   lin      10   0.1   1 |  1.3771e-13     1.25e-13  1.727e-26   1.4e-13
   lin      10   0.1   2 |  1.3031e-12     1.30e-12  1.692e-24   4.3e-13
   lin      10   0.1   4 |  2.0964e-14     2.44e-14  6.422e-28   8.0e-13
   lin      10   0.1   8 |  7.6337e-15     2.46e-15  2.922e-29   1.6e-12
   lin      10     1   1 |  2.4684e-14     3.66e-15  1.884e-28   6.6e-12
   lin      10     1   2 |  9.5483e-15     4.73e-15  5.874e-29   7.1e-12
   lin      10     1   4 |  2.4889e-14     2.18e-14  5.328e-28   1.3e-11
   lin      10     1   8 |  1.5575e-14     1.09e-14  1.397e-28   2.5e-11
   lin      10    10   1 |  3.8957e-13     5.31e-14  4.964e-26   4.4e-11
   lin      10    10   2 |  2.1378e-13     1.84e-13  4.278e-26   7.9e-11
   lin      10    10   4 |  1.6589e-13     1.59e-13  3.542e-26   2.8e-11
   lin      10    10   8 |  6.4935e-13     1.96e-13  1.949e-25   2.1e-11
   lin     100   0.1   1 |  5.1989e-12     5.19e-12  2.697e-23   1.8e-11
   lin     100   0.1   2 |  1.1796e-14     3.59e-15  5.495e-29   3.6e-11
   lin     100   0.1   4 |  1.7252e-14     1.78e-14  3.666e-28   3.6e-11
   lin     100   0.1   8 |  1.1113e-14     1.41e-14  1.992e-28   5.5e-11
   lin     100     1   1 |  2.6843e-14     4.64e-15  2.381e-28   2.5e-11
   lin     100     1   2 |  1.5361e-14     1.72e-14  4.055e-28   2.5e-11
   lin     100     1   4 |  1.8667e-13     3.30e-13  1.140e-25   3.3e-11
   lin     100     1   8 |  2.3450e-14     1.14e-14  2.735e-28   8.4e-11
   lin     100    10   1 |  5.8787e-13     1.37e-13  1.313e-25   2.0e-10
   lin     100    10   2 |  2.4509e-12     9.22e-13  2.778e-24   5.6e-10
   lin     100    10   4 |  8.1297e-13     3.12e-13  3.450e-25   6.2e-10
   lin     100    10   8 |  2.9379e-13     2.20e-13  6.654e-26   1.2e-09
   lin    1000   0.1   1 |  2.2498e-14     1.57e-14  4.517e-28   1.2e-09
   lin    1000   0.1   2 |  7.0475e-14     7.14e-14  5.265e-27   1.9e-09
   lin    1000   0.1   4 |  1.2608e-13     7.34e-14  9.750e-27   1.9e-09
   lin    1000   0.1   8 |  1.7547e-13     1.64e-13  2.846e-26   4.4e-09
   lin    1000     1   1 |  7.0870e-14     6.45e-14  5.147e-27   1.6e-09
   lin    1000     1   2 |  6.9655e-13     3.83e-13  2.900e-25   2.3e-09
   lin    1000     1   4 |  1.3028e-12     1.24e-12  2.183e-24   3.0e-09
   lin    1000     1   8 |  1.4996e-12     4.59e-13  9.999e-25   7.2e-09
   lin    1000    10   1 |  3.7078e-12     3.32e-12  1.334e-23   1.6e-09
   lin    1000    10   2 |  7.5602e-12     6.64e-12  4.871e-23   2.6e-09
   lin    1000    10   4 |  5.3386e-12     4.74e-12  2.342e-23   2.6e-09
   lin    1000    10   8 |  1.5016e-11     1.32e-11  1.975e-22   8.1e-09
   lin    5000   0.1   1 |  1.1988e-12     8.29e-13  1.207e-24   7.5e-09
   lin    5000   0.1   2 |  2.7710e-12     1.83e-12  5.277e-24   1.1e-07
   lin    5000   0.1   4 |  2.8317e-12     3.44e-12  1.462e-23   6.7e-08
   lin    5000   0.1   8 |  2.4854e-12     3.50e-12  1.423e-23   3.7e-08
   lin    5000     1   1 |  2.0322e-11     4.19e-12  1.667e-22   9.7e-08
   lin    5000     1   2 |  1.7136e-11     7.88e-12  1.283e-22   5.2e-08
   lin    5000     1   4 |  1.2155e-11     8.37e-12  1.364e-22   2.2e-08
   lin    5000     1   8 |  4.2934e-11     3.42e-11  1.606e-21   1.2e-07
   lin    5000    10   1 |  1.1145e-10     7.31e-11  6.234e-21   8.2e-08
   lin    5000    10   2 |  1.8069e-10     2.15e-10  4.703e-20   9.7e-08
   lin    5000    10   4 |  2.2698e-10     2.35e-10  6.771e-20   1.2e-07
   lin    5000    10   8 |  1.8150e-10     1.66e-10  3.163e-20   2.2e-07
   cir       1   0.1   1 |  2.2486e-08     2.39e-18  1.264e-16   1.0e-14
   cir       1   0.1   2 |  4.4972e-08     4.21e-18  5.056e-16   2.5e-14
   cir       1   0.1   4 |  8.9943e-08     5.49e-18  2.022e-15   5.3e-14
   cir       1   0.1   8 |  1.7989e-07     1.36e-17  8.090e-15   1.1e-13
   cir       1     1   1 |  2.2486e-06     2.94e-16  1.264e-12   5.2e-13
   cir       1     1   2 |  4.4972e-06     4.73e-16  5.056e-12   1.3e-12
   cir       1     1   4 |  8.9943e-06     2.61e-16  2.022e-11   2.9e-12
   cir       1     1   8 |  1.7989e-05     1.32e-15  8.090e-11   6.3e-12
   cir       1    10   1 |  2.2485e-04     2.79e-14  1.264e-08   3.0e-12
   cir       1    10   2 |  4.4971e-04     3.52e-14  5.056e-08   4.0e-12
   cir       1    10   4 |  8.9942e-04     5.35e-14  2.022e-07   7.5e-12
   cir       1    10   8 |  1.7988e-03     5.93e-14  8.090e-07   1.4e-11
   cir      10   0.1   1 |  2.2486e-08     2.99e-20  1.264e-16   3.4e-13
   cir      10   0.1   2 |  4.4972e-08     1.83e-20  5.056e-16   3.1e-13
   cir      10   0.1   4 |  8.9943e-08     3.90e-20  2.022e-15   9.9e-13
   cir      10   0.1   8 |  1.7989e-07     7.61e-20  8.090e-15   3.4e-13
   cir      10     1   1 |  2.2486e-06     1.61e-17  1.264e-12   1.3e-12
   cir      10     1   2 |  4.4972e-06     5.20e-18  5.056e-12   1.8e-12
   cir      10     1   4 |  8.9943e-06     1.82e-18  2.022e-11   3.9e-12
   cir      10     1   8 |  1.7989e-05     3.28e-18  8.090e-11   8.2e-12
   cir      10    10   1 |  2.2485e-04     5.90e-17  1.264e-08   3.9e-12
   cir      10    10   2 |  4.4971e-04     2.59e-16  5.056e-08   4.1e-12
   cir      10    10   4 |  8.9942e-04     1.40e-16  2.022e-07   6.4e-12
   cir      10    10   8 |  1.7988e-03     4.51e-16  8.090e-07   1.2e-11
   cir     100   0.1   1 |  2.2486e-08     1.07e-19  1.264e-16   2.5e-11
   cir     100   0.1   2 |  4.4972e-08     2.06e-19  5.056e-16   2.5e-11
   cir     100   0.1   4 |  8.9943e-08     9.40e-19  2.022e-15   5.1e-11
   cir     100   0.1   8 |  1.7989e-07     2.70e-18  8.090e-15   7.3e-11
   cir     100     1   1 |  2.2486e-06     9.85e-18  1.264e-12   2.5e-11
   cir     100     1   2 |  4.4972e-06     3.48e-17  5.056e-12   4.0e-11
   cir     100     1   4 |  8.9943e-06     9.48e-17  2.022e-11   5.1e-11
   cir     100     1   8 |  1.7989e-05     2.10e-16  8.090e-11   5.1e-11
   cir     100    10   1 |  2.2485e-04     1.47e-15  1.264e-08   3.3e-11
   cir     100    10   2 |  4.4971e-04     1.47e-15  5.056e-08   1.5e-11
   cir     100    10   4 |  8.9942e-04     5.74e-15  2.022e-07   2.9e-11
   cir     100    10   8 |  1.7988e-03     2.41e-14  8.090e-07   6.5e-11
   cir    1000   0.1   1 |  2.2486e-08     5.52e-18  1.264e-16   1.2e-09
   cir    1000   0.1   2 |  4.4972e-08     7.82e-18  5.056e-16   1.2e-09
   cir    1000   0.1   4 |  8.9943e-08     1.83e-17  2.022e-15   1.2e-09
   cir    1000   0.1   8 |  1.7989e-07     1.31e-16  8.090e-15   6.8e-09
   cir    1000     1   1 |  2.2486e-06     1.06e-15  1.264e-12   2.6e-09
   cir    1000     1   2 |  4.4972e-06     1.84e-15  5.056e-12   2.1e-09
   cir    1000     1   4 |  8.9943e-06     6.78e-15  2.022e-11   3.7e-09
   cir    1000     1   8 |  1.7989e-05     1.26e-14  8.090e-11   5.1e-09
   cir    1000    10   1 |  2.2485e-04     1.31e-13  1.264e-08   2.8e-09
   cir    1000    10   2 |  4.4971e-04     2.88e-13  5.056e-08   3.5e-09
   cir    1000    10   4 |  8.9942e-04     5.50e-13  2.022e-07   3.0e-09
   cir    1000    10   8 |  1.7988e-03     2.30e-12  8.090e-07   6.1e-09
   cir    5000   0.1   1 |  2.2486e-08     1.17e-16  1.264e-16   6.7e-08
   cir    5000   0.1   2 |  4.4972e-08     4.73e-16  5.056e-16   6.7e-08
   cir    5000   0.1   4 |  8.9943e-08     1.32e-15  2.022e-15   1.1e-07
   cir    5000   0.1   8 |  1.7989e-07     4.89e-15  8.090e-15   1.1e-07
   cir    5000     1   1 |  2.2486e-06     2.74e-14  1.264e-12   5.2e-08
   cir    5000     1   2 |  4.4972e-06     9.21e-14  5.056e-12   1.1e-07
   cir    5000     1   4 |  8.9943e-06     1.68e-13  2.022e-11   8.2e-08
   cir    5000     1   8 |  1.7989e-05     5.36e-13  8.090e-11   1.7e-07
   cir    5000    10   1 |  2.2485e-04     3.56e-12  1.264e-08   1.0e-07
   cir    5000    10   2 |  4.4971e-04     1.59e-11  5.056e-08   1.9e-07
   cir    5000    10   4 |  8.9942e-04     4.19e-11  2.022e-07   2.3e-07
   cir    5000    10   8 |  1.7988e-03     9.38e-11  8.090e-07   2.3e-07

STAGE t3 -- SCALING
------------------------------------------------------------------------------
  (a) gamma scan (a0=5, N=1):
      linear  gamma=1        Theta=8.449290e-15
      linear  gamma=3        Theta=9.195680e-15
      linear  gamma=10       Theta=2.079419e-15
      linear  gamma=30       Theta=1.616748e-14
      linear  gamma=100      Theta=2.130394e-14
      linear  gamma=300      Theta=3.207692e-13
      linear  gamma=1000     Theta=1.381945e-12
      linear  gamma=3000     Theta=5.731639e-13
      linear  gamma=10000    Theta=2.307316e-10
      circular gamma=1        Theta=5.621424e-05
      circular gamma=3        Theta=5.621424e-05
      circular gamma=10       Theta=5.621424e-05
      circular gamma=30       Theta=5.621424e-05
      circular gamma=100      Theta=5.621424e-05
      circular gamma=300      Theta=5.621424e-05
      circular gamma=1000     Theta=5.621424e-05
      circular gamma=3000     Theta=5.621424e-05
      circular gamma=10000    Theta=5.621423e-05
  (b) a0 scan (circular, N=1):  Theta vs prediction a^2*Area/2
      a0=0.1    Theta=2.248576e-08  pred=2.248576e-08  ratio=1.00000
      a0=0.3    Theta=2.023718e-07  pred=2.023718e-07  ratio=1.00000
      a0=1      Theta=2.248576e-06  pred=2.248576e-06  ratio=1.00000
      a0=2      Theta=8.994300e-06  pred=8.994304e-06  ratio=1.00000
      a0=3      Theta=2.023716e-05  pred=2.023718e-05  ratio=1.00000
      a0=5      Theta=5.621424e-05  pred=5.621440e-05  ratio=1.00000
      a0=10     Theta=2.248550e-04  pred=2.248576e-04  ratio=0.99999
      a0=20     Theta=8.993880e-04  pred=8.994304e-04  ratio=0.99995
      a0=50     Theta=5.619783e-03  pred=5.621440e-03  ratio=0.99971
  (c) N scan (circular, a0=10):
      N=0.5   Theta=1.124278e-04  pred=1.124288e-04  ratio=0.99999
      N=1     Theta=2.248550e-04  pred=2.248576e-04  ratio=0.99999
      N=2     Theta=4.497099e-04  pred=4.497152e-04  ratio=0.99999
      N=4     Theta=8.994197e-04  pred=8.994304e-04  ratio=0.99999
      N=8     Theta=1.798839e-03  pred=1.798861e-03  ratio=0.99999
      N=16    Theta=3.597679e-03  pred=3.597722e-03  ratio=0.99999
  (d) anomaly scan (circular, a0=10, N=4): Theta/anom^2
      anom=0.00115965 Theta=8.994197e-04  Theta/anom^2=668.8164
      anom=0.00347896 Theta=8.094008e-03  Theta/anom^2=668.7528
      anom=0.01       Theta=6.682344e-02  Theta/anom^2=668.2344
      anom=0.03       Theta=5.972399e-01  Theta/anom^2=663.5999
      anom=0.1        Theta=9.007852e-02  Theta/anom^2=9.0079
      anom=0.3        Theta=2.833884e+00  Theta/anom^2=31.4876
      anom=1          Theta=2.396850e-01  Theta/anom^2=0.2397
  (e) ellipticity scan (a0=10, N=4):
      delta=0     Theta=8.676881e-12  pred=0.000000e+00
      delta=0.05  Theta=8.971768e-05  pred=8.971875e-05
      delta=0.1   Theta=1.781029e-04  pred=1.781050e-04
      delta=0.2   Theta=3.459307e-04  pred=3.459348e-04
      delta=0.5   Theta=7.195358e-04  pred=7.195443e-04
      delta=0.8   Theta=8.774827e-04  pred=8.774931e-04
      delta=1     Theta=8.994197e-04  pred=8.994304e-04
  (f) CEP amplitude vs sigma (a0=10, gamma=1, 32 CEP points):
      delta   sigma  Theta_mean CEP half-amp   relative    xi_CEP     noise
        0.5    0.25  1.1918e-05    1.262e-11   1.06e-06  9.69e-01   2.0e-12
          1    0.25  1.4897e-05    9.339e-15   6.27e-10  9.69e-01   7.7e-13
        0.5     0.5  2.3836e-05    1.895e-11   7.95e-07  8.82e-01   1.0e-12
          1     0.5  2.9795e-05    7.634e-15   2.56e-10  8.82e-01   8.0e-13
        0.5    0.75  3.5754e-05    1.532e-11   4.28e-07  7.55e-01   1.9e-12
          1    0.75  4.4692e-05    1.033e-14   2.31e-10  7.55e-01   1.0e-12
        0.5       1  4.7671e-05    2.052e-12   4.30e-08  6.07e-01   1.7e-12
          1       1  5.9589e-05    1.264e-14   2.12e-10  6.07e-01   8.9e-13
        0.5     1.5  7.1507e-05    3.632e-11   5.08e-07  3.25e-01   1.3e-12
          1     1.5  8.9384e-05    1.769e-14   1.98e-10  3.25e-01   9.7e-13
        0.5       2  9.5342e-05    5.819e-11   6.10e-07  1.35e-01   1.7e-12
          1       2  1.1918e-04    1.744e-14   1.46e-10  1.35e-01   1.1e-12
        0.5     2.5  1.1918e-04    5.134e-11   4.31e-07  4.39e-02   2.1e-12
          1     2.5  1.4897e-04    1.937e-14   1.30e-10  4.39e-02   1.0e-12
        0.5       3  1.4301e-04    3.123e-11   2.18e-07  1.11e-02   1.5e-12
          1       3  1.7877e-04    2.134e-14   1.19e-10  1.11e-02   1.0e-12
        0.5   3.775  1.7993e-04    8.286e-12   4.60e-08  8.06e-04   2.0e-12
          1   3.775  2.2492e-04    2.364e-14   1.05e-10  8.06e-04   9.7e-13
        0.5       5  2.3836e-04    3.328e-13   1.40e-09  3.73e-06   2.5e-12
          1       5  2.9794e-04    3.399e-14   1.14e-10  3.73e-06   1.2e-12
        0.5   7.549  3.5987e-04    3.448e-14   9.58e-11  4.22e-13   2.2e-12
          1   7.549  4.4984e-04    3.324e-14   7.39e-11  4.22e-13   1.7e-12
  (g) envelope / gauge-convention control (a0=10, N=1, circular):
      env=gauss  zero_mean_a=False Theta=2.248550e-04 area=3.34412e+02
      env=gauss  zero_mean_a=True  Theta=2.248498e-04 area=3.34412e+02
      env=cos2   zero_mean_a=False Theta=2.175867e-04 area=3.23603e+02
      env=cos2   zero_mean_a=True  Theta=2.176260e-04 area=3.23603e+02
  (h) in-pulse (Wigner) rotation, linear pol., N=1, gamma=1:
      phi0=0.0000 a0=1     total_max=9.2845e-01 total_end=2.36e-16 anom_max=1.1597e-03 |a_x|max=1.0000
      phi0=0.0000 a0=10    total_max=2.7584e+00 total_end=1.33e-13 anom_max=1.1597e-02 |a_x|max=10.0000
      phi0=0.7854 a0=1     total_max=8.9385e-01 total_end=1.70e-14 anom_max=1.1100e-03 |a_x|max=0.9572
      phi0=0.7854 a0=10    total_max=2.7407e+00 total_end=2.66e-13 anom_max=1.1100e-02 |a_x|max=9.5717
      phi0=1.5708 a0=1     total_max=8.6402e-01 total_end=2.24e-14 anom_max=1.0678e-03 |a_x|max=0.9208
      phi0=1.5708 a0=10    total_max=2.7245e+00 total_end=3.70e-13 anom_max=1.0678e-02 |a_x|max=9.2082
      phi0=3.1416 a0=1     total_max=9.2845e-01 total_end=8.96e-16 anom_max=1.1597e-03 |a_x|max=1.0000
      phi0=3.1416 a0=10    total_max=2.7584e+00 total_end=9.38e-14 anom_max=1.1597e-02 |a_x|max=10.0000

STAGE t4 -- CEP ANTISYMMETRY
------------------------------------------------------------------------------
  in-pulse rotation about y at eta=0, linear pol.:
          a0   sigma   total odd  total even    anom odd   anom even
        0.01       1   1.001e-02   3.469e-18   1.160e-05   8.994e-18
        0.01   3.775   1.001e-02   9.975e-18   1.160e-05   1.456e-17
         0.1       1   1.000e-01   6.939e-17   1.160e-04   1.004e-16
         0.1   3.775   1.000e-01   1.076e-16   1.160e-04   1.040e-16
         0.3       1   2.981e-01   1.366e-16   3.479e-04   1.479e-16
         0.3   3.775   2.981e-01   1.804e-16   3.479e-04   1.153e-16
           1       1   9.285e-01   3.331e-16   1.160e-03   3.494e-16
           1   3.775   9.285e-01   1.388e-15   1.160e-03   1.209e-15
           3       1   1.969e+00   3.331e-15   3.479e-03   3.317e-15
           3   3.775   1.969e+00   3.886e-15   3.479e-03   3.363e-15
          10       1   2.758e+00   6.550e-14   1.160e-02   6.786e-14
          10   3.775   2.758e+00   1.195e-13   1.160e-02   1.340e-13
  net rotation, circular pol.:
      a0=0.1   sigma=1 Theta=5.958960e-09 ptp=2.63e-18 even=5.959e-09 odd=1.134e-18
      a0=0.1   sigma=3.775 Theta=2.249209e-08 ptp=5.33e-18 even=2.249e-08 odd=2.441e-18
      a0=1     sigma=1 Theta=5.958959e-07 ptp=2.08e-16 even=5.959e-07 odd=1.040e-16
      a0=1     sigma=3.775 Theta=2.249209e-06 ptp=4.71e-16 even=2.249e-06 odd=2.309e-16
      a0=10    sigma=1 Theta=5.958931e-05 ptp=1.48e-14 even=5.959e-05 odd=5.050e-15
      a0=10    sigma=3.775 Theta=2.249183e-04 ptp=4.73e-14 even=2.249e-04 odd=1.483e-14

STAGE t5 -- APPLICABILITY (analytic estimates)
------------------------------------------------------------------------------
  Theta = anom^2 a0^2 sigma sqrt(pi)/4, sigma = 3.7745 N (delta=1)
  chi = (hbar w/mc^2) lam a0
        gamma     a0    N      Theta     P_flip       chi       R_C   N_gam   P_radfl
            1     10    8  1.799e-03  8.090e-07  3.03e-05  1.18e-05    0.58  5.37e-10
            1     40    8  2.878e-02  2.071e-04  1.21e-04  1.89e-04    2.34  3.44e-08
            1     75    8  1.012e-01  2.557e-03  2.27e-04  6.64e-04    4.38  2.27e-07
            1     40   32  1.151e-01  3.310e-03  1.21e-04  7.56e-04    9.34  1.38e-07
            1     75   32  4.047e-01  4.040e-02  2.27e-04  2.66e-03   17.51  9.06e-07
           10     75    8  1.012e-01  2.557e-03  4.54e-03  1.32e-02    4.38  9.02e-05
          100     75    8  1.012e-01  2.557e-03  4.55e-02  1.33e-01    4.38  9.06e-03
         1000     10    8  1.799e-03  8.090e-07  6.07e-02  2.36e-02    0.58  2.15e-03
         1000     75    8  1.012e-01  2.557e-03  4.55e-01  1.33e+00    4.38  9.06e-01
         1000    210   10  9.916e-01  2.263e-01  1.27e+00  1.30e+01   15.32  2.49e+01
         5000     10    8  1.799e-03  8.090e-07  3.03e-01  1.18e-01    0.58  5.37e-02
