[ref] DOP853 rtol=1e-10 : 18.27 ms, nfev=953
  adam      0  L=3.410e+01  res=1.27e-01 H=0.00e+00 sym=0.00e+00 ic=3.40e-01
  adam    800  L=9.865e-02  res=9.86e-02 H=0.00e+00 sym=0.00e+00 ic=5.59e-07
  adam   1600  L=8.861e-02  res=8.85e-02 H=0.00e+00 sym=0.00e+00 ic=7.06e-07
  adam   2400  L=8.976e-02  res=8.97e-02 H=0.00e+00 sym=0.00e+00 ic=5.45e-07
  adam   3200  L=8.782e-02  res=8.78e-02 H=0.00e+00 sym=0.00e+00 ic=2.88e-07
  adam   4000  L=8.003e-02  res=8.00e-02 H=0.00e+00 sym=0.00e+00 ic=1.83e-08
  adam   4800  L=6.345e-02  res=6.34e-02 H=0.00e+00 sym=0.00e+00 ic=1.07e-08
  adam   5600  L=6.035e-02  res=6.02e-02 H=0.00e+00 sym=0.00e+00 ic=1.79e-06
  adam   6400  L=5.603e-02  res=5.60e-02 H=0.00e+00 sym=0.00e+00 ic=7.68e-09
  adam   7200  L=7.148e-02  res=7.15e-02 H=0.00e+00 sym=0.00e+00 ic=9.45e-08
  adam   7999  L=5.434e-02  res=5.43e-02 H=0.00e+00 sym=0.00e+00 ic=7.81e-07
  lbfgs  closures=221  L=5.553e-02 res=5.55e-02 H=0.00e+00 sym=0.00e+00 ic=7.04e-08
{
  "tag": "res_long",
  "ablation": "res",
  "n_params": 66691,
  "adam_iters": 8000,
  "lbfgs_iters": 200,
  "lbfgs_closures": 221,
  "ncol": 256,
  "width": 128,
  "depth": 5,
  "threads": 4,
  "seed": 0,
  "t_adam_s": 160.07496640000318,
  "t_lbfgs_s": 5.840360800008057,
  "t_total_s": 167.39918860000034,
  "ms_per_adam_iter": 20.009370800000397,
  "ms_per_lbfgs_closure": 26.42697194573781,
  "t_ref_ivp_s": 0.018266200000653043,
  "ivp_nfev": 953,
  "peak_rss_mb": 0.0,
  "max_abs_theta": 0.16148484234997657,
  "max_abs_p": 0.1396039370480872,
  "max_abs_Sigma": 0.1893712908800249,
  "max_abs_all": 0.1893712908800249,
  "l2_rel_all": 0.4762505922303383,
  "dSigma_pinn": -0.4151469216346425,
  "dSigma_ref": -0.22577954045612675
}
