[ref] DOP853 rtol=1e-10 : 17.31 ms, nfev=953
  adam      0  L=3.410e+01  res=1.27e-01 H=0.00e+00 sym=0.00e+00 ic=3.40e-01
  adam    200  L=1.014e-01  res=1.01e-01 H=0.00e+00 sym=0.00e+00 ic=8.29e-07
  adam    400  L=9.914e-02  res=9.91e-02 H=0.00e+00 sym=0.00e+00 ic=6.61e-07
  adam    600  L=9.045e-02  res=9.04e-02 H=0.00e+00 sym=0.00e+00 ic=6.97e-07
  adam    800  L=9.041e-02  res=9.03e-02 H=0.00e+00 sym=0.00e+00 ic=6.84e-07
  adam   1000  L=9.529e-02  res=9.52e-02 H=0.00e+00 sym=0.00e+00 ic=6.80e-07
  adam   1200  L=9.488e-02  res=9.48e-02 H=0.00e+00 sym=0.00e+00 ic=5.87e-07
  adam   1400  L=9.474e-02  res=9.47e-02 H=0.00e+00 sym=0.00e+00 ic=5.69e-07
  adam   1600  L=9.543e-02  res=9.54e-02 H=0.00e+00 sym=0.00e+00 ic=5.23e-07
  adam   1800  L=9.534e-02  res=9.53e-02 H=0.00e+00 sym=0.00e+00 ic=5.16e-07
  adam   1999  L=9.529e-02  res=9.52e-02 H=0.00e+00 sym=0.00e+00 ic=5.09e-07
  lbfgs  closures=357  L=5.771e-02 res=5.76e-02 H=0.00e+00 sym=0.00e+00 ic=6.83e-07
{
  "tag": "res_probe",
  "ablation": "res",
  "n_params": 66691,
  "adam_iters": 2000,
  "lbfgs_iters": 300,
  "lbfgs_closures": 357,
  "ncol": 512,
  "width": 128,
  "depth": 5,
  "threads": 4,
  "seed": 0,
  "t_adam_s": 54.37437820000923,
  "t_lbfgs_s": 14.019578100007493,
  "t_total_s": 69.79165270000522,
  "ms_per_adam_iter": 27.187189100004616,
  "ms_per_lbfgs_closure": 39.27052689077729,
  "t_ref_ivp_s": 0.01730590000806842,
  "ivp_nfev": 953,
  "peak_rss_mb": 0.0,
  "max_abs_theta": 0.14577920050406956,
  "max_abs_p": 0.11943030581504735,
  "max_abs_Sigma": 0.11643192651664624,
  "max_abs_all": 0.14577920050406956,
  "l2_rel_all": 0.3684986853288494,
  "dSigma_pinn": -0.30162159577541653,
  "dSigma_ref": -0.22577954045612675
}
